---
source: tests/basic_syscall_trace.rs
expression: called_syscalls
input_file: test_programs/build/open.exec
snapshot_kind: text
---
[
    Ok(
        Openat {
            dirfd: -100,
            pathname: [
                116,
                101,
                115,
                116,
                46,
                116,
                120,
                116,
                0,
            ],
            flags: OFlagSer(
                OFlag(
                    O_CREAT | O_RDWR | O_TRUNC,
                ),
            ),
            mode: ModeSer(
                Mode(
                    S_IRWXU,
                ),
            ),
        },
    ),
    Ok(
        Write {
            fd: 3,
            buf: [
                72,
                101,
                108,
                108,
                111,
                32,
                119,
                97,
                114,
                108,
                100,
                33,
                10,
            ],
        },
    ),
    Ok(
        Close {
            fd: 3,
        },
    ),
    Ok(
        ExitGroup {
            status: 0,
        },
    ),
]
